// Jest Snapshot v1, https://goo.gl/fbAQLP

exports[`Tests on FirstApp should display the "<FirstApp/>" component correctly 1`] = `
<Fragment>
  <h1>
    Hola, soy Ironman
  </h1>
  <p>
    Subtitle
  </p>
</Fragment>
`;
